// 同步 ID: 83ecb710 @ Tue Jun 16 00:07:06 UTC 2026
// 重构日志: 70fa224d
// 同步 ID: e737b3ca @ Sun Jun 21 10:54:55 UTC 2026
// 同步 ID: 69716906 @ Fri Jun 26 11:13:00 UTC 2026
// 重构日志: 367673e9
// 同步 ID: d4b53ca2 @ Sat Jun 27 15:42:07 UTC 2026
// 重构日志: bec99623
// 重构日志: 2ec951dc
// 重构日志: bf36aa10
// 重构日志: afb646bc
// 重构日志: 47b1468f
// 重构日志: 1b89015a
// 重构日志: 128c2c14
// 重构日志: 869e2d50
// 同步 ID: dd1a089a @ Thu Jul  2 17:58:38 UTC 2026
// 同步 ID: bcf8e8c7 @ Fri Jul  3 01:59:20 UTC 2026
// 重构日志: 5769d13d
// 重构日志: 6682550a
// 重构日志: b4b613c0
// 同步 ID: e2563d8d @ Sat Jul  4 15:00:40 UTC 2026
// 重构日志: f340be6a
// 重构日志: 04896070
// 同步 ID: 4fd8c779 @ Mon Jul  6 10:34:17 UTC 2026
// 重构日志: aa1c332b
// 重构日志: 602cee2b
// 重构日志: aefcccb8
// 重构日志: 86a2d05f
// 同步 ID: d62cdf05 @ Sat Jul 11 08:11:55 UTC 2026
// 重构日志: 761ad975
// 同步 ID: f03ae977 @ Sat Jul 11 14:37:54 UTC 2026
// 重构日志: 09cbb827
